c:\users\仲田伊織\desktop\github\employmentworks\employmentwork\employmentwork\x64\debug\vc143.pdb
c:\users\仲田伊織\desktop\github\employmentworks\employmentwork\employmentwork\x64\debug\vc143.idb
c:\users\仲田伊織\desktop\github\employmentworks\employmentwork\employmentwork\x64\debug\enemymanager.obj
c:\users\仲田伊織\desktop\github\employmentworks\employmentwork\employmentwork\x64\debug\gamemanager.obj
c:\users\仲田伊織\desktop\github\employmentworks\employmentwork\employmentwork\x64\debug\enemystateattack.obj
c:\users\仲田伊織\desktop\github\employmentworks\employmentwork\employmentwork\x64\debug\enemystatedeath.obj
c:\users\仲田伊織\desktop\github\employmentworks\employmentwork\employmentwork\x64\debug\enemystatewalk.obj
c:\users\仲田伊織\desktop\github\employmentworks\employmentwork\employmentwork\x64\debug\enemystateidle.obj
c:\users\仲田伊織\desktop\github\employmentworks\employmentwork\employmentwork\x64\debug\effectmanager.obj
c:\users\仲田伊織\desktop\github\employmentworks\employmentwork\employmentwork\x64\debug\soundmanager.obj
c:\users\仲田伊織\desktop\github\employmentworks\employmentwork\employmentwork\x64\debug\arrowwalltrap.obj
c:\users\仲田伊織\desktop\github\employmentworks\employmentwork\employmentwork\x64\debug\drawui.obj
c:\users\仲田伊織\desktop\github\employmentworks\employmentwork\employmentwork\x64\debug\setting.obj
c:\users\仲田伊織\desktop\github\employmentworks\employmentwork\employmentwork\x64\debug\flametrap.obj
c:\users\仲田伊織\desktop\github\employmentworks\employmentwork\employmentwork\x64\debug\minimap.obj
c:\users\仲田伊織\desktop\github\employmentworks\employmentwork\employmentwork\x64\debug\ironsnaretrap.obj
c:\users\仲田伊織\desktop\github\employmentworks\employmentwork\employmentwork\x64\debug\ironimpacttrap.obj
c:\users\仲田伊織\desktop\github\employmentworks\employmentwork\employmentwork\x64\debug\cuttertrap.obj
c:\users\仲田伊織\desktop\github\employmentworks\employmentwork\employmentwork\x64\debug\enemystatedamaged.obj
c:\users\仲田伊織\desktop\github\employmentworks\employmentwork\employmentwork\x64\debug\enemyfast.obj
c:\users\仲田伊織\desktop\github\employmentworks\employmentwork\employmentwork\x64\debug\enemybig.obj
c:\users\仲田伊織\desktop\github\employmentworks\employmentwork\employmentwork\x64\debug\fontmanager.obj
c:\users\仲田伊織\desktop\github\employmentworks\employmentwork\employmentwork\x64\debug\physics.obj
c:\users\仲田伊織\desktop\github\employmentworks\employmentwork\employmentwork\x64\debug\objectbase.obj
c:\users\仲田伊織\desktop\github\employmentworks\employmentwork\employmentwork\x64\debug\mapmanager.obj
c:\users\仲田伊織\desktop\github\employmentworks\employmentwork\employmentwork\x64\debug\loadcsv.obj
c:\users\仲田伊織\desktop\github\employmentworks\employmentwork\employmentwork\x64\debug\healportion.obj
c:\users\仲田伊織\desktop\github\employmentworks\employmentwork\employmentwork\x64\debug\debugdraw.obj
c:\users\仲田伊織\desktop\github\employmentworks\employmentwork\employmentwork\x64\debug\collidersphere.obj
c:\users\仲田伊織\desktop\github\employmentworks\employmentwork\employmentwork\x64\debug\collidercupsule.obj
c:\users\仲田伊織\desktop\github\employmentworks\employmentwork\employmentwork\x64\debug\colliderbase.obj
c:\users\仲田伊織\desktop\github\employmentworks\employmentwork\employmentwork\x64\debug\collidable.obj
c:\users\仲田伊織\desktop\github\employmentworks\employmentwork\employmentwork\x64\debug\characterbase.obj
c:\users\仲田伊織\desktop\github\employmentworks\employmentwork\employmentwork\x64\debug\mathhelp.obj
c:\users\仲田伊織\desktop\github\employmentworks\employmentwork\employmentwork\x64\debug\enemynormal.obj
c:\users\仲田伊織\desktop\github\employmentworks\employmentwork\employmentwork\x64\debug\enemybase.obj
c:\users\仲田伊織\desktop\github\employmentworks\employmentwork\employmentwork\x64\debug\crystal.obj
c:\users\仲田伊織\desktop\github\employmentworks\employmentwork\employmentwork\x64\debug\hpbar.obj
c:\users\仲田伊織\desktop\github\employmentworks\employmentwork\employmentwork\x64\debug\scoremanager.obj
c:\users\仲田伊織\desktop\github\employmentworks\employmentwork\employmentwork\x64\debug\resourcemanager.obj
c:\users\仲田伊織\desktop\github\employmentworks\employmentwork\employmentwork\x64\debug\playerstateclear.obj
c:\users\仲田伊織\desktop\github\employmentworks\employmentwork\employmentwork\x64\debug\localpos.obj
c:\users\仲田伊織\desktop\github\employmentworks\employmentwork\employmentwork\x64\debug\input.obj
c:\users\仲田伊織\desktop\github\employmentworks\employmentwork\employmentwork\x64\debug\camera.obj
c:\users\仲田伊織\desktop\github\employmentworks\employmentwork\employmentwork\x64\debug\trapbase.obj
c:\users\仲田伊織\desktop\github\employmentworks\employmentwork\employmentwork\x64\debug\spiketrap.obj
c:\users\仲田伊織\desktop\github\employmentworks\employmentwork\employmentwork\x64\debug\swarmenemy.obj
c:\users\仲田伊織\desktop\github\employmentworks\employmentwork\employmentwork\x64\debug\trapmanager.obj
c:\users\仲田伊織\desktop\github\employmentworks\employmentwork\employmentwork\x64\debug\shot.obj
c:\users\仲田伊織\desktop\github\employmentworks\employmentwork\employmentwork\x64\debug\statebase.obj
c:\users\仲田伊織\desktop\github\employmentworks\employmentwork\employmentwork\x64\debug\scenepause.obj
c:\users\仲田伊織\desktop\github\employmentworks\employmentwork\employmentwork\x64\debug\scenedebug.obj
c:\users\仲田伊織\desktop\github\employmentworks\employmentwork\employmentwork\x64\debug\scenestageselect.obj
c:\users\仲田伊織\desktop\github\employmentworks\employmentwork\employmentwork\x64\debug\sceneresult.obj
c:\users\仲田伊織\desktop\github\employmentworks\employmentwork\employmentwork\x64\debug\sceneoption.obj
c:\users\仲田伊織\desktop\github\employmentworks\employmentwork\employmentwork\x64\debug\playerstatedeath.obj
c:\users\仲田伊織\desktop\github\employmentworks\employmentwork\employmentwork\x64\debug\playerstatedash.obj
c:\users\仲田伊織\desktop\github\employmentworks\employmentwork\employmentwork\x64\debug\playerstatejump.obj
c:\users\仲田伊織\desktop\github\employmentworks\employmentwork\employmentwork\x64\debug\rigidbody.obj
c:\users\仲田伊織\desktop\github\employmentworks\employmentwork\employmentwork\x64\debug\playerstatewalk.obj
c:\users\仲田伊織\desktop\github\employmentworks\employmentwork\employmentwork\x64\debug\playerstateidle.obj
c:\users\仲田伊織\desktop\github\employmentworks\employmentwork\employmentwork\x64\debug\player.obj
c:\users\仲田伊織\desktop\github\employmentworks\employmentwork\employmentwork\x64\debug\vec2.obj
c:\users\仲田伊織\desktop\github\employmentworks\employmentwork\employmentwork\x64\debug\vec3.obj
c:\users\仲田伊織\desktop\github\employmentworks\employmentwork\employmentwork\x64\debug\scenetitle.obj
c:\users\仲田伊織\desktop\github\employmentworks\employmentwork\employmentwork\x64\debug\scenemanager.obj
c:\users\仲田伊織\desktop\github\employmentworks\employmentwork\employmentwork\x64\debug\scenegame.obj
c:\users\仲田伊織\desktop\github\employmentworks\employmentwork\employmentwork\x64\debug\scenebase.obj
c:\users\仲田伊織\desktop\github\employmentworks\employmentwork\employmentwork\x64\debug\main.obj
c:\users\仲田伊織\desktop\github\employmentworks\employmentwork\data\shader\pixelshader.pso
c:\users\仲田伊織\desktop\github\employmentworks\employmentwork\data\shader\vertexshader.vso
c:\users\仲田伊織\desktop\github\employmentworks\employmentwork\x64\debug\employmentwork.exe
c:\users\仲田伊織\desktop\github\employmentworks\employmentwork\x64\debug\employmentwork.pdb
c:\users\仲田伊織\desktop\github\employmentworks\employmentwork\employmentwork\x64\debug\employmentwork.ilk
c:\users\仲田伊織\desktop\github\employmentworks\employmentwork\employmentwork\x64\debug\scenemainmenu.obj
c:\users\仲田伊織\desktop\github\employmentworks\employmentwork\employmentwork\x64\debug\sceneranking.obj
c:\users\仲田伊織\desktop\github\employmentworks\employmentwork\employmentwork\x64\debug\scenestrengthen.obj
c:\users\仲田伊織\desktop\github\employmentworks\employmentwork\employmentwork\x64\debug\employmentwork.tlog\cl.command.1.tlog
c:\users\仲田伊織\desktop\github\employmentworks\employmentwork\employmentwork\x64\debug\employmentwork.tlog\cl.items.tlog
c:\users\仲田伊織\desktop\github\employmentworks\employmentwork\employmentwork\x64\debug\employmentwork.tlog\cl.read.1.tlog
c:\users\仲田伊織\desktop\github\employmentworks\employmentwork\employmentwork\x64\debug\employmentwork.tlog\cl.write.1.tlog
c:\users\仲田伊織\desktop\github\employmentworks\employmentwork\employmentwork\x64\debug\employmentwork.tlog\fxc.command.1.tlog
c:\users\仲田伊織\desktop\github\employmentworks\employmentwork\employmentwork\x64\debug\employmentwork.tlog\fxc.read.1.tlog
c:\users\仲田伊織\desktop\github\employmentworks\employmentwork\employmentwork\x64\debug\employmentwork.tlog\fxc.write.1.tlog
c:\users\仲田伊織\desktop\github\employmentworks\employmentwork\employmentwork\x64\debug\employmentwork.tlog\link.command.1.tlog
c:\users\仲田伊織\desktop\github\employmentworks\employmentwork\employmentwork\x64\debug\employmentwork.tlog\link.read.1.tlog
c:\users\仲田伊織\desktop\github\employmentworks\employmentwork\employmentwork\x64\debug\employmentwork.tlog\link.secondary.1.tlog
c:\users\仲田伊織\desktop\github\employmentworks\employmentwork\employmentwork\x64\debug\employmentwork.tlog\link.write.1.tlog
