  FontManager.cpp
  EnemyBig.cpp
  EnemyFast.cpp
  EnemyStateDamaged.cpp
  CutterTrap.cpp
  IronImpactTrap.cpp
  IronSnareTrap.cpp
  MiniMap.cpp
  FlameTrap.cpp
  Setting.cpp
  DrawUI.cpp
  ArrowWallTrap.cpp
  SoundManager.cpp
  EffectManager.cpp
  EnemyStateIdle.cpp
  EnemyStateWalk.cpp
  EnemyStateDeath.cpp
  EnemyStateAttack.cpp
  GameManager.cpp
  EnemyManager.cpp
  コードを生成中...
  コンパイル中...
  LocalPos.cpp
  PlayerStateClear.cpp
  ResourceManager.cpp
  ScoreManager.cpp
  HPBar.cpp
  Crystal.cpp
  EnemyBase.cpp
  EnemyNormal.cpp
C:\Users\仲田伊織\Desktop\github\EmploymentWorks\EmploymentWork\Character\Enemy\EnemyBase.cpp(277,119): warning C4244: '引数': 'int' から 'float' への変換です。データが失われる可能性があります。
C:\Users\仲田伊織\Desktop\github\EmploymentWorks\EmploymentWork\Character\Enemy\EnemyBase.cpp(277,47): warning C4244: '引数': 'int' から 'float' への変換です。データが失われる可能性があります。
  MathHelp.cpp
  CharacterBase.cpp
  Collidable.cpp
  ColliderBase.cpp
  ColliderCupsule.cpp
  ColliderSphere.cpp
  DebugDraw.cpp
  HealPortion.cpp
  LoadCSV.cpp
  MapManager.cpp
  ObjectBase.cpp
  Physics.cpp
  コードを生成中...
  コンパイル中...
  Player.cpp
  PlayerStateIdle.cpp
  PlayerStateWalk.cpp
  Rigidbody.cpp
  PlayerStateJump.cpp
  PlayerStateDash.cpp
  PlayerStateDeath.cpp
  SceneOption.cpp
  SceneResult.cpp
  SceneStageSelect.cpp
  SceneDebug.cpp
  ScenePause.cpp
  StateBase.cpp
  Shot.cpp
  TrapManager.cpp
  SwarmEnemy.cpp
  SpikeTrap.cpp
  TrapBase.cpp
  Camera.cpp
  Input.cpp
  コードを生成中...
  コンパイル中...
  Main.cpp
  SceneBase.cpp
  SceneGame.cpp
  SceneManager.cpp
  SceneTitle.cpp
  Vec3.cpp
  Vec2.cpp
  コードを生成中...
  LINK : 前回のインクリメンタル リンクで C:\Users\仲田伊織\Desktop\github\EmploymentWorks\EmploymentWork\x64\Debug\EmploymentWork.exe が見つからなかったか、ビルドされませんでした。フル リンクを行います。
  EmploymentWork.vcxproj -> C:\Users\仲田伊織\Desktop\github\EmploymentWorks\EmploymentWork\x64\Debug\EmploymentWork.exe
